// Jest Snapshot v1, https://goo.gl/fbAQLP

exports[`NavSite should render correctly with props 1`] = `
<nav
  className="header__navTop"
>
  <ul
    className="menu__list"
  >
    <li>
      <NavLink
        exact={true}
        to="/"
      >
        Задачи
      </NavLink>
    </li>
    <li>
      <NavLink
        exact={true}
        to="/inventory"
      >
        Инвентарь
      </NavLink>
    </li>
  </ul>
</nav>
`;

exports[`should render correctly with no props 1`] = `
<nav
  className="header__navTop"
>
  <ul
    className="menu__list"
  >
    <li>
      <NavLink
        exact={true}
        to="/"
      >
        Задачи
      </NavLink>
    </li>
    <li>
      <NavLink
        exact={true}
        to="/inventory"
      >
        Инвентарь
      </NavLink>
    </li>
  </ul>
</nav>
`;

exports[`should render correctly with props 1`] = `
<nav
  className="header__navTop"
>
  <ul
    className="menu__list"
  >
    <li>
      <NavLink
        exact={true}
        to="/"
      >
        Задачи
      </NavLink>
    </li>
    <li>
      <NavLink
        exact={true}
        to="/inventory"
      >
        Инвентарь
      </NavLink>
    </li>
  </ul>
</nav>
`;
