// Jest Snapshot v1, https://goo.gl/fbAQLP

exports[`User should render correctly without props 1`] = `
<section
  className="member"
>
  <div
    className="container"
  >
    <div
      className="member__row"
    >
      <div
        className="member__column"
      >
        <UserInfo />
      </div>
      <div
        className="member__column"
      >
        <div
          className="member__text-wrapper"
        >
          <div
            className="member__title"
          >
            Мотивируйте себя на достижение ваших целей
          </div>
          <p
            className="member__main-text"
          >
            Пора повеселиться, делая дела! Присоединяйся к более чем 4 миллионам жителей Хабитики и улучшай свою жизнь, выполняя задания одно за другим.
          </p>
        </div>
      </div>
    </div>
  </div>
</section>
`;

exports[`NavSite should render correctly without props 1`] = `
<section
  className="member"
>
  <div
    className="container"
  >
    <div
      className="member__row"
    >
      <div
        className="member__column"
      >
        <UserInfo />
      </div>
      <div
        className="member__column"
      >
        <div
          className="member__text-wrapper"
        >
          <div
            className="member__title"
          >
            Мотивируйте себя на достижение ваших целей
          </div>
          <p
            className="member__main-text"
          >
            Пора повеселиться, делая дела! Присоединяйся к более чем 4 миллионам жителей Хабитики и улучшай свою жизнь, выполняя задания одно за другим.
          </p>
        </div>
      </div>
    </div>
  </div>
</section>
`;
